// Jest Snapshot v1, https://goo.gl/fbAQLP

exports[`should render and match the snapshot 1`] = `
<div
  class="select"
>
  <label
    class="select-tag-type"
    data-testid="alkohol"
    for="alkohol"
  >
    alkohol
  </label>
</div>
`;
