// Jest Snapshot v1, https://goo.gl/fbAQLP

exports[`<App/> should render and match the snapshot 1`] = `
<div>
  <div
    class="navigation-container"
  >
    <div
      class="navigation"
    >
      <div
        class="navigation-title"
      >
        <a
          aria-current="page"
          class="navigation-title--item active"
          href="/"
        >
          Przepisy
        </a>
      </div>
      <div
        class="navigation-links"
      >
        <a
          aria-current="page"
          class="navigation-links--item navigation-links--active"
          href="/"
        >
          Strona główna
        </a>
      </div>
      <div
        class="navigation-login"
      >
        <a
          class="navigation-login--item"
          href="/login"
        >
          Zaloguj
        </a>
      </div>
    </div>
  </div>
  <div
    class="Spinner__Wrapper-i95by0-0 kvrnfL"
  >
    <div
      style="fill: #9A1750; height: 50%; width: 50%;"
    >
      <svg
        viewBox="0 0 32 32"
        xmlns="http://www.w3.org/2000/svg"
      >
        
  
        <circle
          cx="16"
          cy="3"
          r="0"
        >
          
    
          <animate
            attributeName="r"
            begin="0"
            calcMode="spline"
            dur="1s"
            keySplines="0.2 0.2 0.4 0.8;0.2 0.2 0.4 0.8;0.2 0.2 0.4 0.8"
            repeatCount="indefinite"
            values="0;3;0;0"
          />
          
  
        </circle>
        
  
        <circle
          cx="16"
          cy="3"
          r="0"
          transform="rotate(45 16 16)"
        >
          
    
          <animate
            attributeName="r"
            begin="0.125s"
            calcMode="spline"
            dur="1s"
            keySplines="0.2 0.2 0.4 0.8;0.2 0.2 0.4 0.8;0.2 0.2 0.4 0.8"
            repeatCount="indefinite"
            values="0;3;0;0"
          />
          
  
        </circle>
        
  
        <circle
          cx="16"
          cy="3"
          r="0"
          transform="rotate(90 16 16)"
        >
          
    
          <animate
            attributeName="r"
            begin="0.25s"
            calcMode="spline"
            dur="1s"
            keySplines="0.2 0.2 0.4 0.8;0.2 0.2 0.4 0.8;0.2 0.2 0.4 0.8"
            repeatCount="indefinite"
            values="0;3;0;0"
          />
          
  
        </circle>
        
  
        <circle
          cx="16"
          cy="3"
          r="0"
          transform="rotate(135 16 16)"
        >
          
    
          <animate
            attributeName="r"
            begin="0.375s"
            calcMode="spline"
            dur="1s"
            keySplines="0.2 0.2 0.4 0.8;0.2 0.2 0.4 0.8;0.2 0.2 0.4 0.8"
            repeatCount="indefinite"
            values="0;3;0;0"
          />
          
  
        </circle>
        
  
        <circle
          cx="16"
          cy="3"
          r="0"
          transform="rotate(180 16 16)"
        >
          
    
          <animate
            attributeName="r"
            begin="0.5s"
            calcMode="spline"
            dur="1s"
            keySplines="0.2 0.2 0.4 0.8;0.2 0.2 0.4 0.8;0.2 0.2 0.4 0.8"
            repeatCount="indefinite"
            values="0;3;0;0"
          />
          
  
        </circle>
        
  
        <circle
          cx="16"
          cy="3"
          r="0"
          transform="rotate(225 16 16)"
        >
          
    
          <animate
            attributeName="r"
            begin="0.625s"
            calcMode="spline"
            dur="1s"
            keySplines="0.2 0.2 0.4 0.8;0.2 0.2 0.4 0.8;0.2 0.2 0.4 0.8"
            repeatCount="indefinite"
            values="0;3;0;0"
          />
          
  
        </circle>
        
  
        <circle
          cx="16"
          cy="3"
          r="0"
          transform="rotate(270 16 16)"
        >
          
    
          <animate
            attributeName="r"
            begin="0.75s"
            calcMode="spline"
            dur="1s"
            keySplines="0.2 0.2 0.4 0.8;0.2 0.2 0.4 0.8;0.2 0.2 0.4 0.8"
            repeatCount="indefinite"
            values="0;3;0;0"
          />
          
  
        </circle>
        
  
        <circle
          cx="16"
          cy="3"
          r="0"
          transform="rotate(315 16 16)"
        >
          
    
          <animate
            attributeName="r"
            begin="0.875s"
            calcMode="spline"
            dur="1s"
            keySplines="0.2 0.2 0.4 0.8;0.2 0.2 0.4 0.8;0.2 0.2 0.4 0.8"
            repeatCount="indefinite"
            values="0;3;0;0"
          />
          
  
        </circle>
        
  
        <circle
          cx="16"
          cy="3"
          r="0"
          transform="rotate(180 16 16)"
        >
          
    
          <animate
            attributeName="r"
            begin="0.5s"
            calcMode="spline"
            dur="1s"
            keySplines="0.2 0.2 0.4 0.8;0.2 0.2 0.4 0.8;0.2 0.2 0.4 0.8"
            repeatCount="indefinite"
            values="0;3;0;0"
          />
          
  
        </circle>
        

      </svg>
      

    </div>
  </div>
  <div
    class="Toastify"
  />
</div>
`;
