// Jest Snapshot v1, https://goo.gl/fbAQLP

exports[`should render and match the snapshot 1`] = `
<li
  class="TagTypeContainer-u54ots-0 dJalNb"
>
  <span
    class="tag-type"
  >
    alkohol
  </span>
  <ul
    class="UlComponent-z53gs3-0 gLCPYA"
  />
</li>
`;
