// Jest Snapshot v1, https://goo.gl/fbAQLP

exports[`<HomePage/> should render and match snapshot 1`] = `null`;

exports[`<HomePage/> should render and match the snapshot 1`] = `null`;
